
ASEM-51 V1.3                                         Copyright (c) 2002 by W.W. Heinz                                         PAGE 1





       MCS-51 Family Macro Assembler   A S E M - 5 1   V 1.3
       =====================================================



	Source File:	..\main.asm
	Object File:	Debug.HEX
	List File:	Debug.lst



 Line  I  Addr  Code            Source

    1:		B	 A0	CS BIT P2.0
    2:		B	 A1	SCLK BIT P2.1
    3:		B	 A3	DOUT BIT P2.3
    4:
    5:		N      0000		ORG 00H
    6:	  0000	74 38			MOV A,#38H ;INIT. LCD 2 LINES, 5X7 MATRIX
    7:	  0002	11 5A			ACALL COMNWRT ;call command subroutine
    8:	  0004	11 8C			ACALL DELAY ;give LCD some time
    9:	  0006	74 0C			MOV A,#0CH ;display on, cursor on
   10:	  0008	11 5A			ACALL COMNWRT ;call command subroutine
   11:	  000A	11 8C			ACALL DELAY ;give LCD some time
   12:	  000C	74 01			MOV A,#01 ;clear LCD
   13:	  000E	11 5A			ACALL COMNWRT ;call command subroutine
   14:	  0010			MAIN:
   15:	  0010	D2 A0			SETB CS     ;conversion start
   16:	  0012	C2 A1			CLR SCLK    ;configure SCLK as output
   17:	  0014	D2 A3			SETB DOUT   ;configure DOUT as input
   18:
   19:	  0016	C2 A0			CLR CS
   20:	  0018	D2 A1			SETB SCLK ;one cycle skip as 9 pulses to get data out
   21:	  001A	11 8C			ACALL DELAY
   22:	  001C	C2 A1			CLR SCLK
   23:	  001E	11 8C			ACALL DELAY
   24:	  0020	7B 08			MOV R3,#8D;counter for reading 8 bits from ADC
   25:
   26:	  0022			READ:
   27:	  0022	D2 A1			SETB SCLK
   28:	  0024	11 8C			ACALL DELAY
   29:	  0026	C2 A1			CLR SCLK
   30:	  0028	11 8C			ACALL DELAY
   31:	  002A	A2 A3			MOV C,DOUT
   32:	  002C	33			RLC A
   33:	  002D	DB F3			DJNZ R3,READ
   34:	  002F	D2 A0			SETB CS
   35:	  0031	F5 90			MOV P1,A
   36:
   37:	  0033	11 8C			ACALL DELAY ;give LCD some time
   38:	  0035	74 06			MOV A,#06H ;shift cursor right
   39:	  0037	11 5A			ACALL COMNWRT ;call command subroutine
   40:	  0039	11 8C			ACALL DELAY ;give LCD some time
   41:	  003B	74 84			MOV A,#84H ;cursor at line 1, pos. 4
   42:	  003D	11 5A			ACALL COMNWRT ;call command subroutine
   43:	  003F	11 8C			ACALL DELAY ;give LCD some time

ASEM-51 V1.3                                         Copyright (c) 2002 by W.W. Heinz                                         PAGE 2



 Line  I  Addr  Code            Source

   44:
   45:
   46:	  0041	11 74			ACALL HEX2ASSCI
   47:	  0043	ED			MOV A,R5
   48:	  0044	11 67			ACALL DATAWRT ;call display subroutine
   49:	  0046	EE			MOV A,R6
   50:	  0047	11 67			ACALL DATAWRT ;call display subroutine
   51:	  0049	74 2E			MOV A,#'.'
   52:	  004B	11 67			ACALL DATAWRT ;call display subroutine
   53:	  004D	EC			MOV A,R4
   54:	  004E	11 67			ACALL DATAWRT ;call display subroutine
   55:	  0050	74 20			MOV A,#' '
   56:	  0052	11 67			ACALL DATAWRT ;call display subroutine
   57:	  0054	74 63			MOV A,#'c'
   58:	  0056	11 67			ACALL DATAWRT ;call display subroutine
   59:
   60:	  0058	80 B6			SJMP MAIN
   61:
   62:	  005A			COMNWRT: ;send command to LCD
   63:	  005A	F5 B0			MOV P3,A ;copy reg A to port 1
   64:	  005C	C2 80			CLR P0.0 ;RS=0 for command
   65:	  005E	C2 81			CLR P0.1 ;R/W=0 for write
   66:	  0060	D2 82			SETB P0.2 ;E=1 for high pulse
   67:	  0062	11 8C			ACALL DELAY ;give LCD some time
   68:	  0064	C2 82			CLR P0.2 ;E=0 for H-to-L pulse
   69:	  0066	22			RET
   70:
   71:	  0067			DATAWRT: ;write data to LCD
   72:	  0067	F5 B0			MOV P3,A ;copy reg A to port 1
   73:	  0069	D2 80			SETB P0.0 ;RS=1 for data
   74:	  006B	C2 81			CLR P0.1 ;R/W=0 for write
   75:	  006D	D2 82			SETB P0.2 ;E=1 for high pulse
   76:	  006F	11 8C			ACALL DELAY ;give LCD some time
   77:	  0071	C2 82			CLR P0.2 ;E=0 for H-to-L pulse
   78:	  0073	22			RET
   79:
   80:	  0074			HEX2ASSCI:
   81:	  0074	E5 90			MOV A,P1
   82:	  0076	75 F0 0A		MOV B,#10D
   83:	  0079	84			DIV AB
   84:	  007A	43 F0 30		ORL B,#30H
   85:	  007D	AE F0			MOV R6,B
   86:	  007F	75 F0 0A		MOV B,#10D
   87:	  0082	84			DIV AB
   88:	  0083	43 F0 30		ORL B,#30H
   89:	  0086	AD F0			MOV R5,B
   90:	  0088	44 30			ORL A,#30H
   91:	  008A	FC			MOV R4,A
   92:	  008B	22			RET
   93:
   94:	  008C	79 32		DELAY:	MOV R1,#50D
   95:	  008E	7A FA		HERE2:	MOV R2,#250D
   96:	  0090	DA FE		HERE:	DJNZ R2,HERE
   97:	  0092	D9 FA				DJNZ R1,HERE2
   98:	  0094	22				RET
   99:

ASEM-51 V1.3                                         Copyright (c) 2002 by W.W. Heinz                                         PAGE 3



 Line  I  Addr  Code            Source

  100:				END





                     register banks used:  ---

                     no errors




ASEM-51 V1.3                                         Copyright (c) 2002 by W.W. Heinz                                         PAGE 4





	       L I S T   O F   S Y M B O L S
	       =============================


SYMBOL				  TYPE     VALUE	LINE
------------------------------------------------------------
??ASEM_51			  NUMBER    8051
??VERSION			  NUMBER    0130
AC				  BIT	      D6
ACC				  DATA	      E0
B				  DATA	      F0
COMNWRT				  CODE	    005A	  62
CS				  BIT	      A0	   1
CY				  BIT	      D7
DATAWRT				  CODE	    0067	  71
DELAY				  CODE	    008C	  94
DOUT				  BIT	      A3	   3
DPH				  DATA	      83
DPL				  DATA	      82
EA				  BIT	      AF
ES				  BIT	      AC
ET0				  BIT	      A9
ET1				  BIT	      AB
EX0				  BIT	      A8
EX1				  BIT	      AA
EXTI0				  CODE	    0003
EXTI1				  CODE	    0013
F0				  BIT	      D5
HERE				  CODE	    0090	  96
HERE2				  CODE	    008E	  95
HEX2ASSCI			  CODE	    0074	  80
IE				  DATA	      A8
IE0				  BIT	      89
IE1				  BIT	      8B
INT0				  BIT	      B2
INT1				  BIT	      B3
IP				  DATA	      B8
IT0				  BIT	      88
IT1				  BIT	      8A
MAIN				  CODE	    0010	  14
OV				  BIT	      D2
P				  BIT	      D0
P0				  DATA	      80
P1				  DATA	      90
P2				  DATA	      A0
P3				  DATA	      B0
PCON				  DATA	      87
PS				  BIT	      BC
PSW				  DATA	      D0
PT0				  BIT	      B9
PT1				  BIT	      BB
PX0				  BIT	      B8
PX1				  BIT	      BA
RB8				  BIT	      9A
RD				  BIT	      B7
READ				  CODE	    0022	  26

ASEM-51 V1.3                                         Copyright (c) 2002 by W.W. Heinz                                         PAGE 5



SYMBOL				  TYPE     VALUE	LINE
------------------------------------------------------------
REN				  BIT	      9C
RESET				  CODE	    0000
RI				  BIT	      98
RS0				  BIT	      D3
RS1				  BIT	      D4
RXD				  BIT	      B0
SBUF				  DATA	      99
SCLK				  BIT	      A1	   2
SCON				  DATA	      98
SINT				  CODE	    0023
SM0				  BIT	      9F
SM1				  BIT	      9E
SM2				  BIT	      9D
SP				  DATA	      81
T0				  BIT	      B4
T1				  BIT	      B5
TB8				  BIT	      9B
TCON				  DATA	      88
TF0				  BIT	      8D
TF1				  BIT	      8F
TH0				  DATA	      8C
TH1				  DATA	      8D
TI				  BIT	      99
TIMER0				  CODE	    000B
TIMER1				  CODE	    001B
TL0				  DATA	      8A
TL1				  DATA	      8B
TMOD				  DATA	      89
TR0				  BIT	      8C
TR1				  BIT	      8E
TXD				  BIT	      B1
WR				  BIT	      B6
